// Jest Snapshot v1, https://goo.gl/fbAQLP

exports[`Loading should render spinner 1`] = `
<div>
  <div
    class="container"
  >
    <div
      class="loader"
    />
  </div>
</div>
`;
